[citavirtual.mppeu.gob.ve/index.php/autenticacion/validarCertificacion/c/MDAwODQxMjAyMjAxMjAyNjQ4MjgzMQ==.html]
[backblue.gif]
[fade.gif]
[index.html]
[citavirtual.mppeu.gob.ve/css/main.css]
[citavirtual.mppeu.gob.ve/css/select2.css]
[citavirtual.mppeu.gob.ve/css/eventCalendar.css]
[citavirtual.mppeu.gob.ve/css/eventCalendar_theme_responsive.css]
[citavirtual.mppeu.gob.ve/css/daterangepicker/daterangepicker-bs3.css]
[citavirtual.mppeu.gob.ve/css/estilos.css]
[citavirtual.mppeu.gob.ve/css/datatables/dataTables.bootstrap.css]
[citavirtual.mppeu.gob.ve/css/iconos/bootstrap.icon-large.css]
[citavirtual.mppeu.gob.ve/bootstrap-3.3.0/dist/css/bootstrap.min.css]
[citavirtual.mppeu.gob.ve/css/style-modal.css]
[citavirtual.mppeu.gob.ve/js/valFormulario.js]
[citavirtual.mppeu.gob.ve/js/jquery.maskedinput.js]
[apis.mppeu.gob.ve/js/jquery/v2/jquery-2.1.4.min.js]
[citavirtual.mppeu.gob.ve/js/jquery.eventCalendar.js]
[maxcdn.bootstrapcdn.com/bootstrap/3.3.2/css/bootstrap-theme.min.css]
[citavirtual.mppeu.gob.ve/js/select2.js]
[citavirtual.mppeu.gob.ve/js/daterangepicker/daterangepicker.js]
[citavirtual.mppeu.gob.ve/bootstrap-3.3.0/dist/js/bootstrap.min.js]
[cdnjs.cloudflare.com/ajax/libs/bootstrap-datepicker/1.5.0/css/bootstrap-datepicker.min.css]
[citavirtual.mppeu.gob.ve/js/datatables/dataTables.bootstrap.js]
[citavirtual.mppeu.gob.ve/images/cintillo.png]
[cdnjs.cloudflare.com/ajax/libs/bootstrap-datepicker/1.5.0/js/bootstrap-datepicker.min.js]
[citavirtual.mppeu.gob.ve/images/sistema_tramites.png]
[citavirtual.mppeu.gob.ve/js/moment.js]
[citavirtual.mppeu.gob.ve/images/check_enviado.png]
[www.google.com/recaptcha/apif13c.js]
[citavirtual.mppeu.gob.ve/index.php/autenticacion/validarCertificacion/c/MDAwODQxMjAyMjAxMjAyNjQ4MjgzMQ==.html]
[citavirtual.mppeu.gob.ve/images/bk_izq.png]
[citavirtual.mppeu.gob.ve/images/bg_sfTLock.jpg]
[citavirtual.mppeu.gob.ve/css/main.css]
[citavirtual.mppeu.gob.ve/images/select2/select2.png]
[citavirtual.mppeu.gob.ve/images/select2/select2-spinner.gif]
[citavirtual.mppeu.gob.ve/images/select2/select2x2.png]
[citavirtual.mppeu.gob.ve/css/select2.css]
[citavirtual.mppeu.gob.ve/css/eventCalendar.css]
[citavirtual.mppeu.gob.ve/css/eventCalendar_theme_responsive.css]
[citavirtual.mppeu.gob.ve/css/daterangepicker/daterangepicker-bs3.css]
[citavirtual.mppeu.gob.ve/images/details_open.png]
[citavirtual.mppeu.gob.ve/images/details_close.png]
[citavirtual.mppeu.gob.ve/css/estilos.css]
[citavirtual.mppeu.gob.ve/js/datatables/jquery.dataTables.js]
[citavirtual.mppeu.gob.ve/css/datatables/images/sort_both.png]
[citavirtual.mppeu.gob.ve/css/datatables/images/sort_asc.png]
[citavirtual.mppeu.gob.ve/css/datatables/images/sort_desc.png]
[citavirtual.mppeu.gob.ve/css/datatables/images/sort_asc_disabled.png]
[citavirtual.mppeu.gob.ve/css/datatables/images/sort_desc_disabled.png]
[citavirtual.mppeu.gob.ve/css/datatables/dataTables.bootstrap.css]
[citavirtual.mppeu.gob.ve/css/iconos/glyphicons.png]
[citavirtual.mppeu.gob.ve/css/iconos/bootstrap.icon-large.css]
[citavirtual.mppeu.gob.ve/bootstrap-3.3.0/dist/css/bootstrap.min.css]
[citavirtual.mppeu.gob.ve/css/style-modal.css]
[maxcdn.bootstrapcdn.com/bootstrap/3.3.2/css/bootstrap-theme.min.css]
[cdnjs.cloudflare.com/ajax/libs/bootstrap-datepicker/1.5.0/css/bootstrap-datepicker.min.css]
